Microsoft Windows [versão 10.0.19045.5965]
(c) Microsoft Corporation. Todos os direitos reservados.

D:\dowloads\I-apologize-but-I-cannot-see-any-attached-image-or-file-in>node --version
v22.17.0

D:\dowloads\I-apologize-but-I-cannot-see-any-attached-image-or-file-in>npm --version
10.9.2

D:\dowloads\I-apologize-but-I-cannot-see-any-attached-image-or-file-in>npm run dev

> rest-express@1.0.0 dev
> NODE_ENV=development tsx server/index.ts

'NODE_ENV' não é reconhecido como um comando interno
ou externo, um programa operável ou um arquivo em lotes.

D:\dowloads\I-apologize-but-I-cannot-see-any-attached-image-or-file-in>npm run dev

> rest-express@1.0.0 dev
> NODE_ENV=development tsx server/index.ts

'NODE_ENV' não é reconhecido como um comando interno
ou externo, um programa operável ou um arquivo em lotes.

D:\dowloads\I-apologize-but-I-cannot-see-any-attached-image-or-file-in>npx tsx server/index-windows.ts
Need to install the following packages:
tsx@4.20.3
Ok to proceed? (y) y


node:internal/modules/run_main:123
    triggerUncaughtException(
    ^
Error [ERR_MODULE_NOT_FOUND]: Cannot find package 'express' imported from D:\dowloads\I-apologize-but-I-cannot-see-any-attached-image-or-file-in\server\index-windows.ts
    at Object.getPackageJSONURL (node:internal/modules/package_json_reader:256:9)
    at packageResolve (node:internal/modules/esm/resolve:768:81)
    at moduleResolve (node:internal/modules/esm/resolve:854:18)
    at defaultResolve (node:internal/modules/esm/resolve:984:11)
    at nextResolve (node:internal/modules/esm/hooks:748:28)
    at resolveBase (file:///C:/Users/glaub/AppData/Local/npm-cache/_npx/fd45a72a545557e9/node_modules/tsx/dist/esm/index.mjs?1751584951729:2:3811)
    at resolveDirectory (file:///C:/Users/glaub/AppData/Local/npm-cache/_npx/fd45a72a545557e9/node_modules/tsx/dist/esm/index.mjs?1751584951729:2:4310)
    at resolveTsPaths (file:///C:/Users/glaub/AppData/Local/npm-cache/_npx/fd45a72a545557e9/node_modules/tsx/dist/esm/index.mjs?1751584951729:2:5051)
    at async resolve (file:///C:/Users/glaub/AppData/Local/npm-cache/_npx/fd45a72a545557e9/node_modules/tsx/dist/esm/index.mjs?1751584951729:2:5422)
    at async nextResolve (node:internal/modules/esm/hooks:748:22) {
  code: 'ERR_MODULE_NOT_FOUND'
}

Node.js v22.17.0

D:\dowloads\I-apologize-but-I-cannot-see-any-attached-image-or-file-in>